---
source: src/engine.rs
expression: result_string
---
    sudo: setrlimit(RLIMIT_STACK): Operation not permitted
+ echo 'For more details refer to https://github.com/sudo-project/sudo/issues/42'
For more details refer to https://github.com/sudo-project/sudo/issues/42
+ sudo chown -R 1000 /var/lib/jenkins/workspace
##[error]Process completed with exit code 1.
Prepare all required actions
Getting action download info
##[group]Run ./.github/actions/pytest-cache-upload
with:
