---
source: tests/integration_test.rs
expression: output_lines

---
- "STDOUT:"
- ok No lint issues.
- ""
- ""
- "STDERR:"
- "WARNING: No previous init data found. If this is the first time you're running lintrunner, you should run `lintrunner init`."
