---
source: tests/integration_test.rs
expression: output_lines

---
- "STDOUT:"
- ok No lint issues.
- ""
- ""
- "STDERR:"
